2022-09-22 14:02:19	[INFO]:	Loaded ENV variables
2022-09-22 14:02:19	[INFO]:	This is an info message!
2022-09-22 14:02:19	[ERR]:	(main.go:28):	Oh no a thing has happened: cheese
2022-09-22 14:02:19	[WARN]:	Log file set ''
2022-09-22 14:06:04	[INFO]:	Loaded ENV variables
2022-09-22 14:06:04	[INFO]:	This is an info message!
2022-09-22 14:06:04	[ERR]:	(main.go:28):	Oh no a thing has happened: cheese
2022-09-22 14:06:04	[WARN]:	Log file set '/lick/my/nuts'
